qweqwe qwe
